{
'project:django-2.2.3/django/core/exceptions.py':[
143,
],
'project:django-2.2.3/django/db/backends/sqlite3/schema.py':[
260,
],
'project:django-2.2.3/django/http/multipartparser.py':[
281,
],
'project:django-cms-3.7.1/cms/tests/test_page_admin.py':[
489,
],
'project:numpy-1.16.4/benchmarks/benchmarks/bench_indexing.py':[
58,
],
'project:numpy-1.16.4/benchmarks/benchmarks/bench_ma.py':[
41,
44,
47,
],
'project:numpy-1.16.4/numpy/core/tests/test_arrayprint.py':[
154,
591,
],
'project:numpy-1.16.4/numpy/core/tests/test_deprecations.py':[
149,
],
'project:numpy-1.16.4/numpy/core/tests/test_dtype.py':[
31,
],
'project:numpy-1.16.4/numpy/core/tests/test_indexing.py':[
457,
1183,
1184,
],
'project:numpy-1.16.4/numpy/core/tests/test_multiarray.py':[
653,
729,
903,
1176,
1180,
1316,
5066,
5067,
5069,
5070,
5072,
5073,
6970,
],
'project:numpy-1.16.4/numpy/core/tests/test_records.py':[
427,
],
'project:numpy-1.16.4/numpy/core/tests/test_regression.py':[
92,
124,
131,
275,
391,
853,
1056,
1417,
1648,
2410,
],
'project:numpy-1.16.4/numpy/distutils/command/config.py':[
98,
],
'project:numpy-1.16.4/numpy/f2py/crackfortran.py':[
2544,
],
'project:numpy-1.16.4/numpy/lib/tests/test_io.py':[
274,
2101,
],
'project:numpy-1.16.4/numpy/lib/tests/test_regression.py':[
133,
154,
],
'project:numpy-1.16.4/numpy/ma/tests/test_core.py':[
300,
301,
1873,
],
'project:numpy-1.16.4/numpy/ma/tests/test_mrecords.py':[
495,
],
'project:numpy-1.16.4/numpy/ma/tests/test_old_ma.py':[
217,
218,
],
'project:numpy-1.16.4/numpy/ma/tests/test_regression.py':[
42,
],
'project:numpy-1.16.4/numpy/ma/timer_comparison.py':[
125,
164,
165,
185,
186,
],
'project:numpy-1.16.4/numpy/matrixlib/tests/test_masked_matrix.py':[
40,
41,
],
'project:numpy-1.16.4/numpy/tests/test_ctypeslib.py':[
275,
],
'project:tornado-2.3/tornado/test/process_test.py':[
99,
],
'project:twisted-12.1.0/doc/core/benchmarks/failure.py':[
44,
],
'project:twisted-12.1.0/twisted/conch/telnet.py':[
987,
987,
987,
],
'project:twisted-12.1.0/twisted/internet/pollreactor.py':[
95,
],
'project:twisted-12.1.0/twisted/python/rebuild.py':[
56,
],
'project:twisted-12.1.0/twisted/python/test/test_deprecate.py':[
450,
],
'project:twisted-12.1.0/twisted/python/test/test_zipstream.py':[
337,
356,
],
'project:twisted-12.1.0/twisted/test/generator_failure_tests.py':[
152,
170,
],
'project:twisted-12.1.0/twisted/test/test_internet.py':[
841,
843,
845,
848,
850,
853,
856,
],
'project:twisted-12.1.0/twisted/web/test/test_util.py':[
297,
],
}
