{
'project:tornado-2.3/tornado/escape.py':[
137,
],
'project:twisted-12.1.0/doc/historic/2003/pycon/deferex/deferex-listing0.py':[
4,
],
'project:twisted-12.1.0/twisted/lore/slides.py':[
260,
],
}
