{
'project:django-cms-3.7.1/cms/app_base.py':[
40,
46,
53,
],
'project:numpy-1.16.4/numpy/distutils/_shell_utils.py':[
27,
32,
],
'project:tornado-2.3/tornado/platform/windows.py':[
20,
],
}
